============================= test session starts =============================
platform win32 -- Python 3.10.11, pytest-9.0.3, pluggy-1.6.0
rootdir: D:\个人助手\workspace\ECS
configfile: pytest.ini
plugins: anyio-4.12.1
collected 612 items / 1 skipped

tests\animal\migration\test_migration.py ..........                      [  1%]
tests\animal\test_animal_learning_component.py ....                      [  2%]
tests\animal\test_animal_module.py ........                              [  3%]
tests\animal\test_animal_module_p2.py ............                       [  5%]
tests\animal\test_animal_reproduction_component.py ..                    [  5%]
tests\api\test_performance.py ......                                     [  6%]
tests\biology\lifecycle\death\test_death_system.py ..........            [  8%]
tests\biology\test_circadian_system.py ...........                       [ 10%]
tests\biology\test_health_status_system.py ........                      [ 11%]
tests\biology\test_root_system.py .......                                [ 12%]
tests\biology\test_smell_system.py .......                               [ 13%]
tests\civilization\test_building.py ............                         [ 15%]
tests\civilization\test_crafting_system.py ...........                   [ 17%]
tests\civilization\test_farm_system.py ..............                    [ 19%]
tests\core\test_entity_pool.py ........                                  [ 21%]
tests\core\test_entity_pool_auto_tune.py .....                           [ 22%]
tests\core\test_entity_pool_monitoring.py .....                          [ 22%]
tests\core\test_event_bus.py ............                                [ 24%]
tests\core\test_parallel_executor.py ...F..                              [ 25%]
tests\core\test_performance.py ....                                      [ 26%]
tests\core\test_performance_monitor.py ...........                       [ 28%]
tests\core\test_query_api.py ...........                                 [ 30%]
tests\core\test_spatial_index.py ....                                    [ 30%]
tests\core\test_time_scheduler.py .......                                [ 31%]
tests\core\test_world.py ..................                              [ 34%]
tests\core\test_world_config_system.py ..........                        [ 36%]
tests\core\test_world_events.py ...                                      [ 36%]
tests\db\test_db.py .........                                            [ 38%]
tests\environment\astronomy\test_astronomy.py .......                    [ 39%]
tests\environment\atmosphere\test_atmospheric_chemistry.py ....          [ 40%]
tests\environment\continuum\test_continuum_processors.py ............... [ 42%]
.                                                                        [ 42%]
tests\environment\continuum\test_continuum_systems.py F..F.....          [ 44%]
tests\environment\extreme_weather\test_extreme_weather.py .........      [ 45%]
tests\environment\geology\test_geology.py ....                           [ 46%]
tests\environment\hydrology\test_hydrology.py ........                   [ 47%]
tests\environment\light_field\test_uv_system.py .....                    [ 48%]
tests\environment\ocean\test_ocean.py ......                             [ 49%]
tests\environment\phenology\test_phenology.py ..........                 [ 51%]
tests\environment\pollution\test_pollution.py ....                       [ 51%]
tests\environment\season\test_season_change_system.py .....              [ 52%]
tests\environment\test_components.py .............                       [ 54%]
tests\environment\test_disaster_system.py ........                       [ 56%]
tests\environment\test_environment_constants.py ........                 [ 57%]
tests\environment\test_physics.py ..........                             [ 58%]
tests\environment\test_pipeline.py .....                                 [ 59%]
tests\environment\test_scenarios.py ...........                          [ 61%]
tests\environment\test_systems.py ..........                             [ 63%]
tests\human\test_action_management_system.py .......                     [ 64%]
tests\human\test_circadian_integration.py ...                            [ 64%]
tests\human\test_clothing_system.py .......                              [ 66%]
tests\human\test_cooking_system.py ......                                [ 66%]
tests\human\test_human_memory_integration.py .....                       [ 67%]
tests\human\test_memory_management_system.py ...............             [ 70%]
tests\human\test_smell_integration.py ..                                 [ 70%]
tests\integration\test_system_integration.py ......                      [ 71%]
tests\memory_layer\test_memory_layer.py .......................          [ 75%]
tests\memory_layer\test_memory_layer_integration.py ......               [ 76%]
tests\memory_layer\test_phase3.py .............                          [ 78%]
tests\memory_layer\test_phase4.py ...........                            [ 80%]
tests\plant\test_photosynthesis_system.py ..                             [ 80%]
tests\plant\test_plant.py .............................................. [ 88%]
......                                                                   [ 89%]
tests\plant\test_plant_memory_integration.py ......                      [ 90%]
tests\presentation\test_civilization_dashboard.py ...                    [ 90%]
tests\presentation\test_visualization.py .........                       [ 91%]
tests\presentation\test_world_simulation_dashboard.py .....              [ 92%]
tests\save_load\test_component_migrator.py ....                          [ 93%]
tests\save_load\test_incremental_save.py .......                         [ 94%]
tests\save_load\test_unified_save.py ........                            [ 95%]
tests\space\test_collision_system.py ...........                         [ 97%]
tests\space\test_pathfinding.py ..............                           [100%]

================================== FAILURES ===================================
_____________ TestParallelSystemExecutor.test_parallel_execution ______________
tests\core\test_parallel_executor.py:75: in test_parallel_execution
    assert elapsed < 0.18  # 允许一些开销
E   assert 0.21275687217712402 < 0.18
___________________ TestFireSpreadSystem.test_fire_ignition ___________________
tests\environment\continuum\test_continuum_systems.py:65: in test_fire_ignition
    assert env.air_temperature >= 300.0
E   assert 20.0 >= 300.0
E    +  where 20.0 = EnvironmentComponent(time_of_day=0.0, day_length=24.0, temperature=20.0, humidity=0.5, precipitation=0.0, wind_speed=0..._moscovium_content=0.0, soil_livermorium_content=0.0, soil_tennessine_content=0.0, soil_oganesson_content=0.0, dli=0.0).air_temperature
__________________ TestGasDiffusionSystem.test_o2_diffusion ___________________
tests\environment\continuum\test_continuum_systems.py:118: in test_o2_diffusion
    world.add_component(high, EnvironmentComponent(o2=25.0))
E   TypeError: EnvironmentComponent.__init__() got an unexpected keyword argument 'o2'
=========================== short test summary info ===========================
FAILED tests/core/test_parallel_executor.py::TestParallelSystemExecutor::test_parallel_execution
FAILED tests/environment/continuum/test_continuum_systems.py::TestFireSpreadSystem::test_fire_ignition
FAILED tests/environment/continuum/test_continuum_systems.py::TestGasDiffusionSystem::test_o2_diffusion
================== 3 failed, 609 passed, 1 skipped in 17.75s ==================
